- nolog "call to*" "*:unknown host" "some annoing message"
- perl hooks:
  - recvfile
  - sendfile
  - beforesession
  - aftersession
  - startsession (shared aka)
  - log
  - start, atexit
  - outcall (i.e. only if more then N Kb mail)
- rexx hooks
- set root-domain for every domain
- shared aka
- reread config "on fly" in multithread versions
- do not kill attaches (save and ignore) if drive missing (unmounted)
- no incoming calls under BeOS (file locking problem)
- no syslog support under BeOS
- MB-mode (FSP-1011)
- charsets support, unicode
- present aka, hide aka
- 3 passwords in passwd-file - "incoming,pkt,outgoing"
- separate child status to signal and retcode
- aftersession
- "empty queue" flag (exit if "-p")
- exit immediately after session in "-p" mode
- tzoff - ? Now used only for binlog
- do not send files with hidden attribute from filebox
- non-destructive skip by mask
- binkd/dos: waterloo tcpip
- single-thread version
- put session time in "done" line
- send-hold-on-outgoing option
- argus-compatible freq (M_NUL "FREQ")
